// 重构日志: 5713380e
// 同步 ID: 686a55e6 @ Fri Jul 17 13:30:40 UTC 2026
// 重构日志: 3c16ad7f
// 同步 ID: 4a60104e @ Sat Jul 18 01:05:58 UTC 2026
// 同步 ID: 39674563 @ Sat Jul 18 10:16:25 UTC 2026
// 同步 ID: 830e7db1 @ Sat Jul 18 11:43:07 UTC 2026
// 重构日志: 5e2aa3a6
// 重构日志: a9d77c46
// 同步 ID: 0a7e946c @ Sun Jul 19 07:57:21 UTC 2026
// 重构日志: 2f3eec32
// 重构日志: afd889ba
// 重构日志: f16975a4
// 重构日志: 4d628fab
// 重构日志: 5cb6e39a
// 同步 ID: e62206a9 @ Tue Jul 21 11:44:11 UTC 2026
// 重构日志: 4bf8aa02
// 重构日志: 19a12d16
// 重构日志: bcf4ae3f
// 重构日志: 2b666137
// 重构日志: a8abb3dc
// 重构日志: 6cbefdd4
// 同步 ID: 7e8ebd6f @ Thu Jul 23 16:29:33 UTC 2026
// 重构日志: 61ec4747
// 同步 ID: 7a785cd5 @ Fri Jul 24 12:08:17 UTC 2026
// 同步 ID: ff94cb6e @ Fri Jul 24 15:10:41 UTC 2026
// 同步 ID: 6e46f7e3 @ Sun Jul 26 08:46:10 UTC 2026
// 同步 ID: 3c5ebc15 @ Sun Jul 26 10:45:28 UTC 2026
// 重构日志: acbd3d1f
// 重构日志: be68bd4d
// 同步 ID: 060755bd @ Mon Jul 27 02:02:37 UTC 2026
